// Jest Snapshot v1, https://goo.gl/fbAQLP

exports[`getSymbolNormal should return correct symbol for partial values 1`] = `
Array [
  "",
  "",
  "▏",
  "▎",
  "▍",
  "▌",
  "▋",
  "▊",
  "▉",
  "█",
  "█",
]
`;

exports[`sort methods max should sort values from maximum to minimum 1`] = `
Array [
  Object {
    "label": "0-14",
    "value": 10333117,
  },
  Object {
    "label": "15-24",
    "value": 8131788,
  },
  Object {
    "label": "25-54",
    "value": 32601939,
  },
  Object {
    "label": "55-64",
    "value": 11747501,
  },
  Object {
    "label": "65+",
    "value": 17779672,
  },
]
`;

exports[`sort methods min should sort values from minimum to maximum 1`] = `
Array [
  Object {
    "label": "0-14",
    "value": 10333117,
  },
  Object {
    "label": "15-24",
    "value": 8131788,
  },
  Object {
    "label": "25-54",
    "value": 32601939,
  },
  Object {
    "label": "55-64",
    "value": 11747501,
  },
  Object {
    "label": "65+",
    "value": 17779672,
  },
]
`;
