// Jest Snapshot v1, https://goo.gl/fbAQLP

exports[`draw should provide result with chart, scale and legend 1`] = `
"
█████████

████████████████████████████████████████████████████████████████████████████████████████████████████
███████████████
███████████████████████████████████████

◺ 8131788.00                                                                           32601939.00 ◿

█ -  0-14 10333117.00
█ - 15-24  8131788.00
█ - 25-54 32601939.00
█ - 55-64 11747501.00
█ -   65+ 17779672.00
"
`;
