// Jest Snapshot v1, https://goo.gl/fbAQLP

exports[`reducers condensedChartReducer should print chart where every line represents two values 1`] = `
"
▀▀▀▀▀▀▀▀▀▀▀▀▀▀▀▀▀▀▀▀▀▀▀▀▀▀▀▀▀▀▀▀
▀▀▀▀▀▀▀▀▀▀▀▀▀▀▀▀▀▀▀▀▀▀▀▀▀▀▀▀▀▀▀▀▀▀▀▀▀▀▀▀▀▀▀▀▀▀▀▀▀▀▀▀▀▀▀▀▀▀▀▀▀▀▀▀▀▀▀▀▀▀▀▀▀▀▀▀▀▀▀▀▀▀▀▀▀▀▀▀▀▀▀▀▀▀▀▀▀▀▀▀
▀▀▀▀▀▀▀▀▀▀▀▀▀▀▀▀▀▀▀▀▀▀▀▀▀▀▀▀▀▀▀▀▀▀▀▀▀▀▀▀▀▀▀▀▀▀▀▀▀▀▀▀▀▀▀
"
`;

exports[`reducers condensedChartReducer should print chart where every line represents two values 2`] = `
"
▄▄▄▄▄▄▄▄▄▄▄▄▄▄▄▄▄▄▄▄▄▄▄▄▄▄▄▄▄▄▄▄
▄▄▄▄▄▄▄▄▄▄▄▄▄▄▄▄▄▄▄▄▄▄▄▄▄▄▄▄▄▄▄▄▄▄▄▄▄▄▄▄▄▄▄▄▄▄▄▄▄▄▄▄▄▄▄
▀▀▀▀▀▀▀▀▀▀▀▀▀▀▀▀▀▀▀▀▀▀▀▀▀▀▀▀▀▀▀▀▀▀▀▀▀▀▀▀▀▀▀▀▀▀▀▀▀▀▀▀▀▀▀▀▀▀▀▀▀▀▀▀▀▀▀▀▀▀▀▀▀▀▀▀▀▀▀▀▀▀▀▀▀▀▀▀▀▀▀▀▀▀▀▀▀▀▀▀
"
`;

exports[`reducers condensedChartReducer should print chart where every line represents two values 3`] = `
"
▀▀▀▀▀▀▀▀▀▀▀▀▀▀▀▀▀▀▀▀▀▀▀▀▀▀▀▀▀▀▀▀▀▀▀▀▀▀▀▀▀▀▀▀▀▀▀▀▀▀▀▀▀▀▀▀▀▀▀▀▀▀▀▀▀▀▀▀▀▀▀▀▀▀▀▀▀▀▀▀▀▀▀▀▀▀▀▀▀▀▀▀▀▀▀▀▀▀▀▀
▀▀▀▀▀▀▀▀▀▀▀▀▀▀▀▀▀▀▀▀▀▀▀▀▀▀▀▀▀▀▀▀▀▀▀▀▘
▀▀▀▀▀▀▀▀▀▀▀▀▀▀▀▀▀▀▀▀▀▀▀▀▀
"
`;

exports[`reducers normalChartReducer should print chart where every line represents one value 1`] = `
"
███████████████████████████████▊
█████████████████████████
████████████████████████████████████████████████████████████████████████████████████████████████████
████████████████████████████████████▏
██████████████████████████████████████████████████████▋
"
`;

exports[`reducers normalChartReducer should print chart where every line represents one value 2`] = `
"
█████████████████████████
███████████████████████████████▊
████████████████████████████████████▏
██████████████████████████████████████████████████████▋
████████████████████████████████████████████████████████████████████████████████████████████████████
"
`;

exports[`reducers normalChartReducer should print chart where every line represents one value 3`] = `
"
████████████████████████████████████████████████████████████████████████████████████████████████████
██████████████████████████████████████████████████████▋
████████████████████████████████████▏
███████████████████████████████▊
█████████████████████████
"
`;
